>>> ojo = __import__('2-matrix_divided').matrix_divided
>>> matrix = [
... [1,2,3],
... [4,5,6]
... ]
>>> ojo(matrix, 3)
[[0.33, 0.67, 1.0], [1.33, 1.67, 2.0]]
>>> ojo(matrix,0)
Traceback (most recent call last):
ZeroDivisionError: division by zero
>>> ojo("perras", 3)
Traceback (most recent call last):
TypeError: matrix must be a matrix (list of lists) of integers/floats
>>> ojo(matrix, "sad")
Traceback (most recent call last):
TypeError: div must be a number
>>> ojo(, 3)
Traceback (most recent call last):
SyntaxError: invalid syntax
>>> ojo(matrix, )
Traceback (most recent call last):
TypeError: matrix_divided() missing 1 required positional argument: 'div'
>>> matrix = [
... [1,2,3],
... [4,5,6,7]
... ]
>>> ojo(matrix, 3)
Traceback (most recent call last):
TypeError: Each row of the matrix must have the same size
>>> matrix = [
... [1,2,3],
... [4,5,"fuck"]
... ]
>>> ojo(matrix,3)
Traceback (most recent call last):
TypeError: matrix must be a matrix (list of lists) of integers/floats
