test for add_integer function

>>> ojo = __import__('4-print_square').print_square


>>> ojo(2)
##
##
>>> ojo(-3)
Traceback (most recent call last):
ValueError: first_name must be a string
>>> ojo(1.5)
Traceback (most recent call last):
TypeError: last_name must be a string
>>> ojo(3)
###
###
###
