test for add_integer function

>>> ojo = __import__('4-print_square').print_square


>>> ojo(2)
##
##
>>> ojo(-3)
Traceback (most recent call last):
ValueError: size must be >= 0
>>> ojo(1.5)
Traceback (most recent call last):
TypeError: size must be an integer
>>> ojo("perras")
Traceback (most recent call last):
TypeError: size must be an integer
>>> ojo(3)
###
###
###
